.next/types/app/[locale]/products/page.ts(36,29): error TS2344: Type '{ params: { locale: string; }; }' does not satisfy the constraint 'PageProps'.
  Types of property 'params' are incompatible.
    Type '{ locale: string; }' is missing the following properties from type 'Promise<any>': then, catch, finally, [Symbol.toStringTag]
src/components/page/FoldingBoxThree.tsx(34,13): error TS2339: Property 'encoding' does not exist on type 'Texture<HTMLImageElement>'.
src/components/page/FoldingBoxThree.tsx(34,30): error TS2339: Property 'sRGBEncoding' does not exist on type 'typeof import("C:/dallas_company/node_modules/@types/three/index")'.
