.next/types/app/[locale]/products/page.ts(36,29): error TS2344: Type '{ params: { locale: string; }; }' does not satisfy the constraint 'PageProps'.
  Types of property 'params' are incompatible.
    Type '{ locale: string; }' is missing the following properties from type 'Promise<any>': then, catch, finally, [Symbol.toStringTag]
src/components/page/FoldingBoxThree.tsx(34,13): error TS2339: Property 'encoding' does not exist on type 'Texture<HTMLImageElement>'.
src/components/page/FoldingBoxThree.tsx(34,30): error TS2339: Property 'sRGBEncoding' does not exist on type 'typeof import("C:/dallas_company/node_modules/@types/three/index")'.
src/components/page/PdfExportClient.tsx(58,39): error TS2345: Argument of type '{ canvasContext: CanvasRenderingContext2D; viewport: PageViewport; }' is not assignable to parameter of type 'RenderParameters'.
  Property 'canvas' is missing in type '{ canvasContext: CanvasRenderingContext2D; viewport: PageViewport; }' but required in type 'RenderParameters'.
src/components/page/PdfExportClient.tsx(201,36): error TS2322: Type 'Uint8Array<ArrayBufferLike>' is not assignable to type 'BlobPart'.
  Type 'Uint8Array<ArrayBufferLike>' is not assignable to type 'ArrayBufferView<ArrayBuffer>'.
    Types of property 'buffer' are incompatible.
      Type 'ArrayBufferLike' is not assignable to type 'ArrayBuffer'.
        Type 'SharedArrayBuffer' is missing the following properties from type 'ArrayBuffer': resizable, resize, detached, transfer, transferToFixedLength
